[demo.dashboardpack.com/architectui-html-pro/index.html]
[backblue.gif]
[fade.gif]
[index.html]
[demo.dashboardpack.com/architectui-html-pro/assets/images/dropdown-header/abstract3.jpg]
[demo.dashboardpack.com/architectui-html-pro/assets/images/dropdown-header/abstract4.jpg]
[demo.dashboardpack.com/architectui-html-pro/assets/images/dropdown-header/city3.jpg]
[demo.dashboardpack.com/architectui-html-pro/assets/images/avatars/1.jpg]
[demo.dashboardpack.com/architectui-html-pro/assets/images/avatars/2.jpg]
[demo.dashboardpack.com/architectui-html-pro/assets/images/avatars/3.jpg]
[demo.dashboardpack.com/architectui-html-pro/assets/images/avatars/4.jpg]
[demo.dashboardpack.com/architectui-html-pro/assets/images/avatars/5.jpg]
[demo.dashboardpack.com/architectui-html-pro/assets/images/avatars/9.jpg]
[demo.dashboardpack.com/architectui-html-pro/assets/images/avatars/7.jpg]
[demo.dashboardpack.com/architectui-html-pro/assets/images/avatars/8.jpg]
[demo.dashboardpack.com/architectui-html-pro/assets/images/dropdown-header/city2.jpg]
[demo.dashboardpack.com/architectui-html-pro/index-2.html]
[demo.dashboardpack.com/architectui-html-pro/dashboards-commerce.html]
[demo.dashboardpack.com/architectui-html-pro/dashboards-sales.html]
[demo.dashboardpack.com/architectui-html-pro/dashboards-minimal-1.html]
[demo.dashboardpack.com/architectui-html-pro/dashboards-minimal-2.html]
[demo.dashboardpack.com/architectui-html-pro/dashboards-crm.html]
[demo.dashboardpack.com/architectui-html-pro/pages-login.html]
[demo.dashboardpack.com/architectui-html-pro/pages-login-boxed.html]
[demo.dashboardpack.com/architectui-html-pro/pages-register.html]
[demo.dashboardpack.com/architectui-html-pro/pages-register-boxed.html]
[demo.dashboardpack.com/architectui-html-pro/pages-forgot-password.html]
[demo.dashboardpack.com/architectui-html-pro/pages-forgot-password-boxed.html]
[demo.dashboardpack.com/architectui-html-pro/apps-mailbox.html]
[demo.dashboardpack.com/architectui-html-pro/apps-chat.html]
[demo.dashboardpack.com/architectui-html-pro/apps-faq-section.html]
[demo.dashboardpack.com/architectui-html-pro/apps-forum-list.html]
[demo.dashboardpack.com/architectui-html-pro/apps-forum-threads.html]
[demo.dashboardpack.com/architectui-html-pro/apps-forum-discussion.html]
[demo.dashboardpack.com/architectui-html-pro/elements-buttons-standard.html]
[demo.dashboardpack.com/architectui-html-pro/elements-buttons-pills.html]
[demo.dashboardpack.com/architectui-html-pro/elements-buttons-square.html]
[demo.dashboardpack.com/architectui-html-pro/elements-buttons-shadow.html]
[demo.dashboardpack.com/architectui-html-pro/elements-buttons-icons.html]
[demo.dashboardpack.com/architectui-html-pro/elements-dropdowns.html]
[demo.dashboardpack.com/architectui-html-pro/elements-icons.html]
[demo.dashboardpack.com/architectui-html-pro/elements-cards.html]
[demo.dashboardpack.com/architectui-html-pro/elements-badges-labels.html]
[demo.dashboardpack.com/architectui-html-pro/elements-loaders.html]
[demo.dashboardpack.com/architectui-html-pro/elements-list-group.html]
[demo.dashboardpack.com/architectui-html-pro/elements-navigation.html]
[demo.dashboardpack.com/architectui-html-pro/elements-timelines.html]
[demo.dashboardpack.com/architectui-html-pro/elements-utilities.html]
[demo.dashboardpack.com/architectui-html-pro/components-tabs.html]
[demo.dashboardpack.com/architectui-html-pro/components-accordions.html]
[demo.dashboardpack.com/architectui-html-pro/components-notifications.html]
[demo.dashboardpack.com/architectui-html-pro/components-modals.html]
[demo.dashboardpack.com/architectui-html-pro/components-loading-blocks.html]
[demo.dashboardpack.com/architectui-html-pro/components-progress-bar.html]
[demo.dashboardpack.com/architectui-html-pro/components-tooltips-popovers.html]
[demo.dashboardpack.com/architectui-html-pro/components-carousel.html]
[demo.dashboardpack.com/architectui-html-pro/components-calendar.html]
[demo.dashboardpack.com/architectui-html-pro/components-pagination.html]
[demo.dashboardpack.com/architectui-html-pro/components-count-up.html]
[demo.dashboardpack.com/architectui-html-pro/components-scrollable-elements.html]
[demo.dashboardpack.com/architectui-html-pro/components-tree-view.html]
[demo.dashboardpack.com/architectui-html-pro/components-maps.html]
[demo.dashboardpack.com/architectui-html-pro/components-ratings.html]
[demo.dashboardpack.com/architectui-html-pro/components-image-crop.html]
[demo.dashboardpack.com/architectui-html-pro/components-guided-tours.html]
[demo.dashboardpack.com/architectui-html-pro/tables-data-tables.html]
[demo.dashboardpack.com/architectui-html-pro/tables-regular.html]
[demo.dashboardpack.com/architectui-html-pro/tables-grid.html]
[demo.dashboardpack.com/architectui-html-pro/widgets-chart-boxes.html]
[demo.dashboardpack.com/architectui-html-pro/widgets-chart-boxes-2.html]
[demo.dashboardpack.com/architectui-html-pro/widgets-chart-boxes-3.html]
[demo.dashboardpack.com/architectui-html-pro/widgets-profile-boxes.html]
[demo.dashboardpack.com/architectui-html-pro/forms-controls.html]
[demo.dashboardpack.com/architectui-html-pro/forms-layouts.html]
[demo.dashboardpack.com/architectui-html-pro/forms-validation.html]
[demo.dashboardpack.com/architectui-html-pro/forms-wizard.html]
[demo.dashboardpack.com/architectui-html-pro/forms-datepicker.html]
[demo.dashboardpack.com/architectui-html-pro/forms-range-slider.html]
[demo.dashboardpack.com/architectui-html-pro/forms-input-selects.html]
[demo.dashboardpack.com/architectui-html-pro/forms-toggle-switch.html]
[demo.dashboardpack.com/architectui-html-pro/forms-wysiwyg-editor.html]
[demo.dashboardpack.com/architectui-html-pro/forms-input-mask.html]
[demo.dashboardpack.com/architectui-html-pro/forms-clipboard.html]
[demo.dashboardpack.com/architectui-html-pro/forms-textarea-autosize.html]
[demo.dashboardpack.com/architectui-html-pro/charts-chartjs.html]
[demo.dashboardpack.com/architectui-html-pro/charts-apexcharts.html]
[demo.dashboardpack.com/architectui-html-pro/charts-sparklines.html]
[demo.dashboardpack.com/architectui-html-pro/analytics-variation.html]
[demo.dashboardpack.com/architectui-html-pro/assets/images/dropdown-header/city5.jpg]
[demo.dashboardpack.com/architectui-html-pro/assets/images/avatars/6.jpg]
[demo.dashboardpack.com/architectui-html-pro/index.html]
[demo.dashboardpack.com/architectui-html-pro/index-2.html]
[demo.dashboardpack.com/architectui-html-pro/assets/images/dropdown-header/abstract2.jpg]
[demo.dashboardpack.com/architectui-html-pro/main.d810cf0ae7f39f28f336.css]
[demo.dashboardpack.com/architectui-html-pro/dashboards-commerce-variation.html]
[demo.dashboardpack.com/architectui-html-pro/assets/images/dropdown-header/city1.jpg]
[demo.dashboardpack.com/architectui-html-pro/dashboards-commerce.html]
[demo.dashboardpack.com/architectui-html-pro/dashboards-sales.html]
[demo.dashboardpack.com/architectui-html-pro/dashboards-minimal-1.html]
[demo.dashboardpack.com/architectui-html-pro/dashboards-minimal-2.html]
[demo.dashboardpack.com/architectui-html-pro/dashboards-crm-variation.html]
[demo.dashboardpack.com/architectui-html-pro/assets/images/avatars/10.jpg]
[demo.dashboardpack.com/architectui-html-pro/assets/images/dropdown-header/abstract1.jpg]
[demo.dashboardpack.com/architectui-html-pro/dashboards-crm.html]
[demo.dashboardpack.com/architectui-html-pro/assets/scripts/main.d810cf0ae7f39f28f336.js]
[demo.dashboardpack.com/architectui-html-pro/assets/images/originals/city.jpg]
[demo.dashboardpack.com/architectui-html-pro/assets/images/originals/citynights.jpg]
[demo.dashboardpack.com/architectui-html-pro/assets/images/originals/citydark.jpg]
[demo.dashboardpack.com/architectui-html-pro/pages-login.html]
[demo.dashboardpack.com/architectui-html-pro/pages-login-boxed.html]
[demo.dashboardpack.com/architectui-html-pro/pages-register.html]
[demo.dashboardpack.com/architectui-html-pro/pages-register-boxed.html]
[demo.dashboardpack.com/architectui-html-pro/pages-forgot-password.html]
[demo.dashboardpack.com/architectui-html-pro/pages-forgot-password-boxed.html]
[demo.dashboardpack.com/architectui-html-pro/apps-mailbox.html]
[demo.dashboardpack.com/architectui-html-pro/apps-chat.html]
[demo.dashboardpack.com/architectui-html-pro/apps-faq-section.html]
[demo.dashboardpack.com/architectui-html-pro/apps-forum-list.html]
[demo.dashboardpack.com/architectui-html-pro/apps-forum-threads.html]
[demo.dashboardpack.com/architectui-html-pro/apps-forum-discussion.html]
[demo.dashboardpack.com/architectui-html-pro/elements-buttons-standard.html]
[demo.dashboardpack.com/architectui-html-pro/elements-buttons-pills.html]
[demo.dashboardpack.com/architectui-html-pro/elements-buttons-square.html]
[demo.dashboardpack.com/architectui-html-pro/elements-buttons-shadow.html]
[demo.dashboardpack.com/architectui-html-pro/elements-buttons-icons.html]
[demo.dashboardpack.com/architectui-html-pro/assets/images/dropdown-header/city4.jpg]
[demo.dashboardpack.com/architectui-html-pro/assets/images/dropdown-header/abstract5.jpg]
[demo.dashboardpack.com/architectui-html-pro/assets/images/dropdown-header/abstract6.jpg]
[demo.dashboardpack.com/architectui-html-pro/assets/images/dropdown-header/abstract10.jpg]
[demo.dashboardpack.com/architectui-html-pro/elements-dropdowns.html]
[demo.dashboardpack.com/architectui-html-pro/elements-icons.html]
[demo.dashboardpack.com/architectui-html-pro/elements-badges-labels.html]
[demo.dashboardpack.com/architectui-html-pro/elements-cards.html]
[demo.dashboardpack.com/architectui-html-pro/elements-loaders.html]
[demo.dashboardpack.com/architectui-html-pro/elements-list-group.html]
[demo.dashboardpack.com/architectui-html-pro/elements-navigation.html]
[demo.dashboardpack.com/architectui-html-pro/elements-timelines.html]
[demo.dashboardpack.com/architectui-html-pro/assets/images/sidebar/abstract2.jpg]
[demo.dashboardpack.com/architectui-html-pro/assets/images/sidebar/abstract3.jpg]
[demo.dashboardpack.com/architectui-html-pro/assets/images/sidebar/abstract4.jpg]
[demo.dashboardpack.com/architectui-html-pro/assets/images/sidebar/abstract5.jpg]
[demo.dashboardpack.com/architectui-html-pro/assets/images/sidebar/abstract1.jpg]
[demo.dashboardpack.com/architectui-html-pro/assets/images/sidebar/abstract6.jpg]
[demo.dashboardpack.com/architectui-html-pro/assets/images/sidebar/abstract7.jpg]
[demo.dashboardpack.com/architectui-html-pro/assets/images/sidebar/abstract8.jpg]
[demo.dashboardpack.com/architectui-html-pro/assets/images/sidebar/abstract9.jpg]
[demo.dashboardpack.com/architectui-html-pro/assets/images/sidebar/abstract10.jpg]
[demo.dashboardpack.com/architectui-html-pro/assets/images/sidebar/city1.jpg]
[demo.dashboardpack.com/architectui-html-pro/assets/images/sidebar/city2.jpg]
[demo.dashboardpack.com/architectui-html-pro/assets/images/sidebar/city3.jpg]
[demo.dashboardpack.com/architectui-html-pro/assets/images/sidebar/city4.jpg]
[demo.dashboardpack.com/architectui-html-pro/assets/images/sidebar/city5.jpg]
[demo.dashboardpack.com/architectui-html-pro/elements-utilities.html]
[demo.dashboardpack.com/architectui-html-pro/components-tabs.html]
[demo.dashboardpack.com/architectui-html-pro/components-accordions.html]
[demo.dashboardpack.com/architectui-html-pro/components-notifications.html]
[demo.dashboardpack.com/architectui-html-pro/components-modals.html]
[demo.dashboardpack.com/architectui-html-pro/components-loading-blocks.html]
[demo.dashboardpack.com/architectui-html-pro/components-progress-bar.html]
[demo.dashboardpack.com/architectui-html-pro/components-tooltips-popovers.html]
[demo.dashboardpack.com/architectui-html-pro/components-carousel.html]
[demo.dashboardpack.com/architectui-html-pro/components-calendar.html]
[demo.dashboardpack.com/architectui-html-pro/components-pagination.html]
[demo.dashboardpack.com/architectui-html-pro/components-count-up.html]
[demo.dashboardpack.com/architectui-html-pro/components-scrollable-elements.html]
[demo.dashboardpack.com/architectui-html-pro/components-tree-view.html]
[demo.dashboardpack.com/architectui-html-pro/components-maps.html]
[demo.dashboardpack.com/architectui-html-pro/components-ratings.html]
[demo.dashboardpack.com/architectui-html-pro/assets/images/originals/fence-small.jpg]
[demo.dashboardpack.com/architectui-html-pro/components-image-crop.html]
[demo.dashboardpack.com/architectui-html-pro/components-guided-tours.html]
[demo.dashboardpack.com/architectui-html-pro/tables-data-tables.html]
[demo.dashboardpack.com/architectui-html-pro/tables-regular.html]
[demo.dashboardpack.com/architectui-html-pro/tables-grid.html]
[demo.dashboardpack.com/architectui-html-pro/widgets-chart-boxes.html]
[demo.dashboardpack.com/architectui-html-pro/widgets-chart-boxes-2.html]
[demo.dashboardpack.com/architectui-html-pro/widgets-chart-boxes-3.html]
[demo.dashboardpack.com/architectui-html-pro/assets/images/avatars/12.jpg]
[demo.dashboardpack.com/architectui-html-pro/widgets-profile-boxes.html]
[demo.dashboardpack.com/architectui-html-pro/forms-controls.html]
[demo.dashboardpack.com/architectui-html-pro/forms-layouts.html]
[demo.dashboardpack.com/architectui-html-pro/forms-validation.html]
[demo.dashboardpack.com/architectui-html-pro/forms-wizard.html]
[demo.dashboardpack.com/architectui-html-pro/forms-datepicker.html]
[demo.dashboardpack.com/architectui-html-pro/forms-range-slider.html]
[demo.dashboardpack.com/architectui-html-pro/forms-input-selects.html]
[demo.dashboardpack.com/architectui-html-pro/forms-toggle-switch.html]
[demo.dashboardpack.com/architectui-html-pro/forms-wysiwyg-editor.html]
[demo.dashboardpack.com/architectui-html-pro/forms-input-mask.html]
[demo.dashboardpack.com/architectui-html-pro/forms-clipboard.html]
[demo.dashboardpack.com/architectui-html-pro/forms-textarea-autosize.html]
[demo.dashboardpack.com/architectui-html-pro/charts-chartjs.html]
[cdn.ckeditor.com/4.12.1/standard/ckeditor.js]
[demo.dashboardpack.com/architectui-html-pro/charts-apexcharts.html]
[demo.dashboardpack.com/architectui-html-pro/charts-sparklines.html]
[demo.dashboardpack.com/architectui-html-pro/analytics-variation.html]
[demo.dashboardpack.com/architectui-html-pro/assets/images/vline.gif]
[demo.dashboardpack.com/architectui-html-pro/assets/images/icons.gif]
[demo.dashboardpack.com/architectui-html-pro/assets/images/loading.gif]
[demo.dashboardpack.com/architectui-html-pro/assets/images/icons-rtl.gif]
[demo.dashboardpack.com/architectui-html-pro/assets/images/vline-rtl.gif]
[demo.dashboardpack.com/architectui-html-pro/assets/images/logo-inverse.png]
[demo.dashboardpack.com/architectui-html-pro/assets/images/logo.png]
[demo.dashboardpack.com/architectui-html-pro/assets/fonts/fa-solid-900.eot]
[demo.dashboardpack.com/architectui-html-pro/assets/fonts/fa-solid-900d41d.eot]
[demo.dashboardpack.com/architectui-html-pro/assets/fonts/fa-solid-900.woff2]
[demo.dashboardpack.com/architectui-html-pro/assets/fonts/fa-solid-900.woff]
[demo.dashboardpack.com/architectui-html-pro/assets/fonts/fa-solid-900.ttf]
[demo.dashboardpack.com/architectui-html-pro/assets/fonts/ionicons.eot]
[demo.dashboardpack.com/architectui-html-pro/assets/fonts/fa-solid-900.svg]
[demo.dashboardpack.com/architectui-html-pro/assets/fonts/ionicons.ttf]
[demo.dashboardpack.com/architectui-html-pro/assets/fonts/ionicons.woff]
[demo.dashboardpack.com/architectui-html-pro/assets/fonts/AD.svg]
[demo.dashboardpack.com/architectui-html-pro/assets/fonts/ionicons.svg]
[demo.dashboardpack.com/architectui-html-pro/assets/fonts/AE.svg]
[demo.dashboardpack.com/architectui-html-pro/assets/fonts/AF.svg]
[demo.dashboardpack.com/architectui-html-pro/assets/fonts/AG.svg]
[demo.dashboardpack.com/architectui-html-pro/assets/fonts/AI.svg]
[demo.dashboardpack.com/architectui-html-pro/assets/fonts/AL.svg]
[demo.dashboardpack.com/architectui-html-pro/assets/fonts/AM.svg]
[demo.dashboardpack.com/architectui-html-pro/assets/fonts/AO.svg]
[demo.dashboardpack.com/architectui-html-pro/assets/fonts/AR.svg]
[demo.dashboardpack.com/architectui-html-pro/assets/fonts/AS.svg]
[demo.dashboardpack.com/architectui-html-pro/assets/fonts/AT.svg]
[demo.dashboardpack.com/architectui-html-pro/assets/fonts/AU.svg]
[demo.dashboardpack.com/architectui-html-pro/assets/fonts/AW.svg]
[demo.dashboardpack.com/architectui-html-pro/assets/fonts/AX.svg]
[demo.dashboardpack.com/architectui-html-pro/assets/fonts/AZ.svg]
[demo.dashboardpack.com/architectui-html-pro/assets/fonts/BA.svg]
[demo.dashboardpack.com/architectui-html-pro/assets/fonts/BB.svg]
[demo.dashboardpack.com/architectui-html-pro/assets/fonts/BD.svg]
[demo.dashboardpack.com/architectui-html-pro/assets/fonts/BE.svg]
[demo.dashboardpack.com/architectui-html-pro/assets/fonts/BF.svg]
[demo.dashboardpack.com/architectui-html-pro/assets/fonts/BG.svg]
[demo.dashboardpack.com/architectui-html-pro/assets/fonts/BH.svg]
[demo.dashboardpack.com/architectui-html-pro/assets/fonts/BI.svg]
[demo.dashboardpack.com/architectui-html-pro/assets/fonts/BJ.svg]
[demo.dashboardpack.com/architectui-html-pro/assets/fonts/BL.svg]
[demo.dashboardpack.com/architectui-html-pro/assets/fonts/BM.svg]
[demo.dashboardpack.com/architectui-html-pro/assets/fonts/BN.svg]
[demo.dashboardpack.com/architectui-html-pro/assets/fonts/BO.svg]
[demo.dashboardpack.com/architectui-html-pro/assets/fonts/BR.svg]
[demo.dashboardpack.com/architectui-html-pro/assets/fonts/BS.svg]
[demo.dashboardpack.com/architectui-html-pro/assets/fonts/BT.svg]
[demo.dashboardpack.com/architectui-html-pro/assets/fonts/BV.svg]
[demo.dashboardpack.com/architectui-html-pro/assets/fonts/BW.svg]
[demo.dashboardpack.com/architectui-html-pro/assets/fonts/BY.svg]
[demo.dashboardpack.com/architectui-html-pro/assets/fonts/BZ.svg]
[demo.dashboardpack.com/architectui-html-pro/assets/fonts/CA.svg]
[demo.dashboardpack.com/architectui-html-pro/assets/fonts/CC.svg]
[demo.dashboardpack.com/architectui-html-pro/assets/fonts/CD.svg]
[demo.dashboardpack.com/architectui-html-pro/assets/fonts/CF.svg]
[demo.dashboardpack.com/architectui-html-pro/assets/fonts/CG.svg]
[demo.dashboardpack.com/architectui-html-pro/assets/fonts/CH.svg]
[demo.dashboardpack.com/architectui-html-pro/assets/fonts/CI.svg]
[demo.dashboardpack.com/architectui-html-pro/assets/fonts/CK.svg]
[demo.dashboardpack.com/architectui-html-pro/assets/fonts/CL.svg]
[demo.dashboardpack.com/architectui-html-pro/assets/fonts/CM.svg]
[demo.dashboardpack.com/architectui-html-pro/assets/fonts/CN.svg]
[demo.dashboardpack.com/architectui-html-pro/assets/fonts/CO.svg]
[demo.dashboardpack.com/architectui-html-pro/assets/fonts/CR.svg]
[demo.dashboardpack.com/architectui-html-pro/assets/fonts/CU.svg]
[demo.dashboardpack.com/architectui-html-pro/assets/fonts/CV.svg]
[demo.dashboardpack.com/architectui-html-pro/assets/fonts/CW.svg]
[demo.dashboardpack.com/architectui-html-pro/assets/fonts/CX.svg]
[demo.dashboardpack.com/architectui-html-pro/assets/fonts/CY.svg]
[demo.dashboardpack.com/architectui-html-pro/assets/fonts/CZ.svg]
[demo.dashboardpack.com/architectui-html-pro/assets/fonts/DE.svg]
[demo.dashboardpack.com/architectui-html-pro/assets/fonts/DJ.svg]
[demo.dashboardpack.com/architectui-html-pro/assets/fonts/DK.svg]
[demo.dashboardpack.com/architectui-html-pro/assets/fonts/DM.svg]
[demo.dashboardpack.com/architectui-html-pro/assets/fonts/DO.svg]
[demo.dashboardpack.com/architectui-html-pro/assets/fonts/DZ.svg]
[demo.dashboardpack.com/architectui-html-pro/assets/fonts/EC.svg]
[demo.dashboardpack.com/architectui-html-pro/assets/fonts/EE.svg]
[demo.dashboardpack.com/architectui-html-pro/assets/fonts/EG.svg]
[demo.dashboardpack.com/architectui-html-pro/assets/fonts/ER.svg]
[demo.dashboardpack.com/architectui-html-pro/assets/fonts/ES.svg]
[demo.dashboardpack.com/architectui-html-pro/assets/fonts/ET.svg]
[demo.dashboardpack.com/architectui-html-pro/assets/fonts/EU.svg]
[demo.dashboardpack.com/architectui-html-pro/assets/fonts/FI.svg]
[demo.dashboardpack.com/architectui-html-pro/assets/fonts/FJ.svg]
[demo.dashboardpack.com/architectui-html-pro/assets/fonts/FK.svg]
[demo.dashboardpack.com/architectui-html-pro/assets/fonts/FM.svg]
[demo.dashboardpack.com/architectui-html-pro/assets/fonts/FO.svg]
[demo.dashboardpack.com/architectui-html-pro/assets/fonts/FR.svg]
[demo.dashboardpack.com/architectui-html-pro/assets/fonts/GA.svg]
[demo.dashboardpack.com/architectui-html-pro/assets/fonts/GB-ENG.svg]
[demo.dashboardpack.com/architectui-html-pro/assets/fonts/GB-NIR.svg]
[demo.dashboardpack.com/architectui-html-pro/assets/fonts/GB-SCT.svg]
[demo.dashboardpack.com/architectui-html-pro/assets/fonts/GB-WLS.svg]
[demo.dashboardpack.com/architectui-html-pro/assets/fonts/GB-ZET.svg]
[demo.dashboardpack.com/architectui-html-pro/assets/fonts/GB.svg]
[demo.dashboardpack.com/architectui-html-pro/assets/fonts/GD.svg]
[demo.dashboardpack.com/architectui-html-pro/assets/fonts/GE.svg]
[demo.dashboardpack.com/architectui-html-pro/assets/fonts/GF.svg]
[demo.dashboardpack.com/architectui-html-pro/assets/fonts/GG.svg]
[demo.dashboardpack.com/architectui-html-pro/assets/fonts/GH.svg]
[demo.dashboardpack.com/architectui-html-pro/assets/fonts/GI.svg]
[demo.dashboardpack.com/architectui-html-pro/assets/fonts/GL.svg]
[demo.dashboardpack.com/architectui-html-pro/assets/fonts/GM.svg]
[demo.dashboardpack.com/architectui-html-pro/assets/fonts/GN.svg]
[demo.dashboardpack.com/architectui-html-pro/assets/fonts/GP.svg]
[demo.dashboardpack.com/architectui-html-pro/assets/fonts/GQ.svg]
[demo.dashboardpack.com/architectui-html-pro/assets/fonts/GR.svg]
[demo.dashboardpack.com/architectui-html-pro/assets/fonts/GS.svg]
[demo.dashboardpack.com/architectui-html-pro/assets/fonts/GT.svg]
[demo.dashboardpack.com/architectui-html-pro/assets/fonts/GU.svg]
[demo.dashboardpack.com/architectui-html-pro/assets/fonts/GW.svg]
[demo.dashboardpack.com/architectui-html-pro/assets/fonts/GY.svg]
[demo.dashboardpack.com/architectui-html-pro/assets/fonts/HK.svg]
[demo.dashboardpack.com/architectui-html-pro/assets/fonts/HM.svg]
[demo.dashboardpack.com/architectui-html-pro/assets/fonts/HN.svg]
[demo.dashboardpack.com/architectui-html-pro/assets/fonts/HR.svg]
[demo.dashboardpack.com/architectui-html-pro/assets/fonts/HT.svg]
[demo.dashboardpack.com/architectui-html-pro/assets/fonts/HU.svg]
[demo.dashboardpack.com/architectui-html-pro/assets/fonts/ID.svg]
[demo.dashboardpack.com/architectui-html-pro/assets/fonts/IE.svg]
[demo.dashboardpack.com/architectui-html-pro/assets/fonts/IL.svg]
[demo.dashboardpack.com/architectui-html-pro/assets/fonts/IM.svg]
[demo.dashboardpack.com/architectui-html-pro/assets/fonts/IN.svg]
[demo.dashboardpack.com/architectui-html-pro/assets/fonts/IO.svg]
[demo.dashboardpack.com/architectui-html-pro/assets/fonts/IQ.svg]
[demo.dashboardpack.com/architectui-html-pro/assets/fonts/IR.svg]
[demo.dashboardpack.com/architectui-html-pro/assets/fonts/IS.svg]
[demo.dashboardpack.com/architectui-html-pro/assets/fonts/IT.svg]
[demo.dashboardpack.com/architectui-html-pro/assets/fonts/JE.svg]
[demo.dashboardpack.com/architectui-html-pro/assets/fonts/JM.svg]
[demo.dashboardpack.com/architectui-html-pro/assets/fonts/JO.svg]
[demo.dashboardpack.com/architectui-html-pro/assets/fonts/JP.svg]
[demo.dashboardpack.com/architectui-html-pro/assets/fonts/KE.svg]
[demo.dashboardpack.com/architectui-html-pro/assets/fonts/KG.svg]
[demo.dashboardpack.com/architectui-html-pro/assets/fonts/KH.svg]
[demo.dashboardpack.com/architectui-html-pro/assets/fonts/KI.svg]
[demo.dashboardpack.com/architectui-html-pro/assets/fonts/KM.svg]
[demo.dashboardpack.com/architectui-html-pro/assets/fonts/KN.svg]
[demo.dashboardpack.com/architectui-html-pro/assets/fonts/KP.svg]
[demo.dashboardpack.com/architectui-html-pro/assets/fonts/KR.svg]
[demo.dashboardpack.com/architectui-html-pro/assets/fonts/KW.svg]
[demo.dashboardpack.com/architectui-html-pro/assets/fonts/KY.svg]
[demo.dashboardpack.com/architectui-html-pro/assets/fonts/KZ.svg]
[demo.dashboardpack.com/architectui-html-pro/assets/fonts/LA.svg]
[demo.dashboardpack.com/architectui-html-pro/assets/fonts/LB.svg]
[demo.dashboardpack.com/architectui-html-pro/assets/fonts/LC.svg]
[demo.dashboardpack.com/architectui-html-pro/assets/fonts/LGBT.svg]
[demo.dashboardpack.com/architectui-html-pro/assets/fonts/LI.svg]
[demo.dashboardpack.com/architectui-html-pro/assets/fonts/LK.svg]
[demo.dashboardpack.com/architectui-html-pro/assets/fonts/LR.svg]
[demo.dashboardpack.com/architectui-html-pro/assets/fonts/LS.svg]
[demo.dashboardpack.com/architectui-html-pro/assets/fonts/LT.svg]
[demo.dashboardpack.com/architectui-html-pro/assets/fonts/LU.svg]
[demo.dashboardpack.com/architectui-html-pro/assets/fonts/LV.svg]
[demo.dashboardpack.com/architectui-html-pro/assets/fonts/LY.svg]
[demo.dashboardpack.com/architectui-html-pro/assets/fonts/MA.svg]
[demo.dashboardpack.com/architectui-html-pro/assets/fonts/MC.svg]
[demo.dashboardpack.com/architectui-html-pro/assets/fonts/MD.svg]
[demo.dashboardpack.com/architectui-html-pro/assets/fonts/ME.svg]
[demo.dashboardpack.com/architectui-html-pro/assets/fonts/MF.svg]
[demo.dashboardpack.com/architectui-html-pro/assets/fonts/MG.svg]
[demo.dashboardpack.com/architectui-html-pro/assets/fonts/MH.svg]
[demo.dashboardpack.com/architectui-html-pro/assets/fonts/MK.svg]
[demo.dashboardpack.com/architectui-html-pro/assets/fonts/ML.svg]
[demo.dashboardpack.com/architectui-html-pro/assets/fonts/MM.svg]
[demo.dashboardpack.com/architectui-html-pro/assets/fonts/MN.svg]
[demo.dashboardpack.com/architectui-html-pro/assets/fonts/MO.svg]
[demo.dashboardpack.com/architectui-html-pro/assets/fonts/MP.svg]
[demo.dashboardpack.com/architectui-html-pro/assets/fonts/MQ.svg]
[demo.dashboardpack.com/architectui-html-pro/assets/fonts/MR.svg]
[demo.dashboardpack.com/architectui-html-pro/assets/fonts/MS.svg]
[demo.dashboardpack.com/architectui-html-pro/assets/fonts/MT.svg]
[demo.dashboardpack.com/architectui-html-pro/assets/fonts/MU.svg]
[demo.dashboardpack.com/architectui-html-pro/assets/fonts/MV.svg]
[demo.dashboardpack.com/architectui-html-pro/assets/fonts/MW.svg]
[demo.dashboardpack.com/architectui-html-pro/assets/fonts/MX.svg]
[demo.dashboardpack.com/architectui-html-pro/assets/fonts/MY.svg]
[demo.dashboardpack.com/architectui-html-pro/assets/fonts/MZ.svg]
[demo.dashboardpack.com/architectui-html-pro/assets/fonts/NA.svg]
[demo.dashboardpack.com/architectui-html-pro/assets/fonts/NC.svg]
[demo.dashboardpack.com/architectui-html-pro/assets/fonts/NE.svg]
[demo.dashboardpack.com/architectui-html-pro/assets/fonts/NF.svg]
[demo.dashboardpack.com/architectui-html-pro/assets/fonts/NG.svg]
[demo.dashboardpack.com/architectui-html-pro/assets/fonts/NI.svg]
[demo.dashboardpack.com/architectui-html-pro/assets/fonts/NL.svg]
[demo.dashboardpack.com/architectui-html-pro/assets/fonts/NO.svg]
[demo.dashboardpack.com/architectui-html-pro/assets/fonts/NP.svg]
[demo.dashboardpack.com/architectui-html-pro/assets/fonts/NR.svg]
[demo.dashboardpack.com/architectui-html-pro/assets/fonts/OM.svg]
[demo.dashboardpack.com/architectui-html-pro/assets/fonts/PA.svg]
[demo.dashboardpack.com/architectui-html-pro/assets/fonts/PE.svg]
[demo.dashboardpack.com/architectui-html-pro/assets/fonts/PF.svg]
[demo.dashboardpack.com/architectui-html-pro/assets/fonts/PG.svg]
[demo.dashboardpack.com/architectui-html-pro/assets/fonts/PH.svg]
[demo.dashboardpack.com/architectui-html-pro/assets/fonts/PK.svg]
[demo.dashboardpack.com/architectui-html-pro/assets/fonts/PL.svg]
[demo.dashboardpack.com/architectui-html-pro/assets/fonts/PM.svg]
[demo.dashboardpack.com/architectui-html-pro/assets/fonts/PN.svg]
[demo.dashboardpack.com/architectui-html-pro/assets/fonts/PR.svg]
[demo.dashboardpack.com/architectui-html-pro/assets/fonts/PS.svg]
[demo.dashboardpack.com/architectui-html-pro/assets/fonts/PT.svg]
[demo.dashboardpack.com/architectui-html-pro/assets/fonts/PW.svg]
[demo.dashboardpack.com/architectui-html-pro/assets/fonts/PY.svg]
[demo.dashboardpack.com/architectui-html-pro/assets/fonts/QA.svg]
[demo.dashboardpack.com/architectui-html-pro/assets/fonts/RE.svg]
[demo.dashboardpack.com/architectui-html-pro/assets/fonts/RO.svg]
[demo.dashboardpack.com/architectui-html-pro/assets/fonts/RS.svg]
[demo.dashboardpack.com/architectui-html-pro/assets/fonts/RU.svg]
[demo.dashboardpack.com/architectui-html-pro/assets/fonts/RW.svg]
[demo.dashboardpack.com/architectui-html-pro/assets/fonts/SA.svg]
[demo.dashboardpack.com/architectui-html-pro/assets/fonts/SB.svg]
[demo.dashboardpack.com/architectui-html-pro/assets/fonts/SC.svg]
[demo.dashboardpack.com/architectui-html-pro/assets/fonts/SD.svg]
[demo.dashboardpack.com/architectui-html-pro/assets/fonts/SE.svg]
[demo.dashboardpack.com/architectui-html-pro/assets/fonts/SG.svg]
[demo.dashboardpack.com/architectui-html-pro/assets/fonts/SH.svg]
[demo.dashboardpack.com/architectui-html-pro/assets/fonts/SI.svg]
[demo.dashboardpack.com/architectui-html-pro/assets/fonts/SJ.svg]
[demo.dashboardpack.com/architectui-html-pro/assets/fonts/SK.svg]
[demo.dashboardpack.com/architectui-html-pro/assets/fonts/SL.svg]
[demo.dashboardpack.com/architectui-html-pro/assets/fonts/SM.svg]
[demo.dashboardpack.com/architectui-html-pro/assets/fonts/SN.svg]
[demo.dashboardpack.com/architectui-html-pro/assets/fonts/SO.svg]
[demo.dashboardpack.com/architectui-html-pro/assets/fonts/SR.svg]
[demo.dashboardpack.com/architectui-html-pro/assets/fonts/SS.svg]
[demo.dashboardpack.com/architectui-html-pro/assets/fonts/ST.svg]
[demo.dashboardpack.com/architectui-html-pro/assets/fonts/SV.svg]
[demo.dashboardpack.com/architectui-html-pro/assets/fonts/SX.svg]
[demo.dashboardpack.com/architectui-html-pro/assets/fonts/SY.svg]
[demo.dashboardpack.com/architectui-html-pro/assets/fonts/SZ.svg]
[demo.dashboardpack.com/architectui-html-pro/assets/fonts/TC.svg]
[demo.dashboardpack.com/architectui-html-pro/assets/fonts/TD.svg]
[demo.dashboardpack.com/architectui-html-pro/assets/fonts/TF.svg]
[demo.dashboardpack.com/architectui-html-pro/assets/fonts/TG.svg]
[demo.dashboardpack.com/architectui-html-pro/assets/fonts/TH.svg]
[demo.dashboardpack.com/architectui-html-pro/assets/fonts/TJ.svg]
[demo.dashboardpack.com/architectui-html-pro/assets/fonts/TK.svg]
[demo.dashboardpack.com/architectui-html-pro/assets/fonts/TL.svg]
[demo.dashboardpack.com/architectui-html-pro/assets/fonts/TM.svg]
[demo.dashboardpack.com/architectui-html-pro/assets/fonts/TN.svg]
[demo.dashboardpack.com/architectui-html-pro/assets/fonts/TO.svg]
[demo.dashboardpack.com/architectui-html-pro/assets/fonts/TR.svg]
[demo.dashboardpack.com/architectui-html-pro/assets/fonts/TT.svg]
[demo.dashboardpack.com/architectui-html-pro/assets/fonts/TV.svg]
[demo.dashboardpack.com/architectui-html-pro/assets/fonts/TW.svg]
[demo.dashboardpack.com/architectui-html-pro/assets/fonts/TZ.svg]
[demo.dashboardpack.com/architectui-html-pro/assets/fonts/UA.svg]
[demo.dashboardpack.com/architectui-html-pro/assets/fonts/UG.svg]
[demo.dashboardpack.com/architectui-html-pro/assets/fonts/UM.svg]
[demo.dashboardpack.com/architectui-html-pro/assets/fonts/US-CA.svg]
[demo.dashboardpack.com/architectui-html-pro/assets/fonts/US.svg]
[demo.dashboardpack.com/architectui-html-pro/assets/fonts/UY.svg]
[demo.dashboardpack.com/architectui-html-pro/assets/fonts/UZ.svg]
[demo.dashboardpack.com/architectui-html-pro/assets/fonts/VA.svg]
[demo.dashboardpack.com/architectui-html-pro/assets/fonts/VC.svg]
[demo.dashboardpack.com/architectui-html-pro/assets/fonts/VE.svg]
[demo.dashboardpack.com/architectui-html-pro/assets/fonts/VG.svg]
[demo.dashboardpack.com/architectui-html-pro/assets/fonts/VI.svg]
[demo.dashboardpack.com/architectui-html-pro/assets/fonts/VN.svg]
[demo.dashboardpack.com/architectui-html-pro/assets/fonts/VU.svg]
[demo.dashboardpack.com/architectui-html-pro/assets/fonts/WF.svg]
[demo.dashboardpack.com/architectui-html-pro/assets/fonts/WS.svg]
[demo.dashboardpack.com/architectui-html-pro/assets/fonts/XK.svg]
[demo.dashboardpack.com/architectui-html-pro/assets/fonts/YE.svg]
[demo.dashboardpack.com/architectui-html-pro/assets/fonts/YT.svg]
[demo.dashboardpack.com/architectui-html-pro/assets/fonts/ZA.svg]
[demo.dashboardpack.com/architectui-html-pro/assets/fonts/ZM.svg]
[demo.dashboardpack.com/architectui-html-pro/assets/fonts/ZW.svg]
[demo.dashboardpack.com/architectui-html-pro/assets/images/ajax-loader.gif]
[demo.dashboardpack.com/architectui-html-pro/main.d810cf0ae7f39f28f336.css]
[demo.dashboardpack.com/architectui-html-pro/dashboards-commerce-variation.html]
[demo.dashboardpack.com/architectui-html-pro/dashboards-crm-variation.html]
[demo.dashboardpack.com/architectui-html-pro/content.html]
[demo.dashboardpack.com/architectui-html-pro/assets/fonts/fa-solid-900.svg]
[demo.dashboardpack.com/architectui-html-pro/assets/fonts/ionicons.svg]
[demo.dashboardpack.com/architectui-html-pro/assets/fonts/AD.svg]
[demo.dashboardpack.com/architectui-html-pro/assets/fonts/AE.svg]
[demo.dashboardpack.com/architectui-html-pro/assets/fonts/AF.svg]
[demo.dashboardpack.com/architectui-html-pro/assets/fonts/AG.svg]
[demo.dashboardpack.com/architectui-html-pro/assets/fonts/AI.svg]
[demo.dashboardpack.com/architectui-html-pro/assets/fonts/AL.svg]
[demo.dashboardpack.com/architectui-html-pro/assets/fonts/AM.svg]
[demo.dashboardpack.com/architectui-html-pro/assets/fonts/AO.svg]
[demo.dashboardpack.com/architectui-html-pro/assets/fonts/AR.svg]
[demo.dashboardpack.com/architectui-html-pro/assets/fonts/AS.svg]
[demo.dashboardpack.com/architectui-html-pro/assets/fonts/AT.svg]
[demo.dashboardpack.com/architectui-html-pro/assets/fonts/AU.svg]
[demo.dashboardpack.com/architectui-html-pro/assets/fonts/AW.svg]
[demo.dashboardpack.com/architectui-html-pro/assets/fonts/AX.svg]
[demo.dashboardpack.com/architectui-html-pro/assets/fonts/AZ.svg]
[demo.dashboardpack.com/architectui-html-pro/assets/fonts/BA.svg]
[demo.dashboardpack.com/architectui-html-pro/assets/fonts/BB.svg]
[demo.dashboardpack.com/architectui-html-pro/assets/fonts/BD.svg]
[demo.dashboardpack.com/architectui-html-pro/assets/fonts/BE.svg]
[demo.dashboardpack.com/architectui-html-pro/assets/fonts/BF.svg]
[demo.dashboardpack.com/architectui-html-pro/assets/fonts/BG.svg]
[demo.dashboardpack.com/architectui-html-pro/assets/fonts/BH.svg]
[demo.dashboardpack.com/architectui-html-pro/assets/fonts/BI.svg]
[demo.dashboardpack.com/architectui-html-pro/assets/fonts/BJ.svg]
[demo.dashboardpack.com/architectui-html-pro/assets/fonts/BL.svg]
[demo.dashboardpack.com/architectui-html-pro/assets/fonts/BM.svg]
[demo.dashboardpack.com/architectui-html-pro/assets/fonts/BN.svg]
[demo.dashboardpack.com/architectui-html-pro/assets/fonts/BO.svg]
[demo.dashboardpack.com/architectui-html-pro/assets/fonts/BR.svg]
[demo.dashboardpack.com/architectui-html-pro/assets/fonts/BS.svg]
[demo.dashboardpack.com/architectui-html-pro/assets/fonts/BT.svg]
[demo.dashboardpack.com/architectui-html-pro/assets/fonts/BV.svg]
[demo.dashboardpack.com/architectui-html-pro/assets/fonts/BW.svg]
[demo.dashboardpack.com/architectui-html-pro/assets/fonts/BY.svg]
[demo.dashboardpack.com/architectui-html-pro/assets/fonts/BZ.svg]
[demo.dashboardpack.com/architectui-html-pro/assets/fonts/CA.svg]
[demo.dashboardpack.com/architectui-html-pro/assets/fonts/CC.svg]
[demo.dashboardpack.com/architectui-html-pro/assets/fonts/CD.svg]
[demo.dashboardpack.com/architectui-html-pro/assets/fonts/CF.svg]
[demo.dashboardpack.com/architectui-html-pro/assets/fonts/CG.svg]
[demo.dashboardpack.com/architectui-html-pro/assets/fonts/CH.svg]
[demo.dashboardpack.com/architectui-html-pro/assets/fonts/CI.svg]
[demo.dashboardpack.com/architectui-html-pro/assets/fonts/CK.svg]
[demo.dashboardpack.com/architectui-html-pro/assets/fonts/CL.svg]
[demo.dashboardpack.com/architectui-html-pro/assets/fonts/CM.svg]
[demo.dashboardpack.com/architectui-html-pro/assets/fonts/CN.svg]
[demo.dashboardpack.com/architectui-html-pro/assets/fonts/CO.svg]
[demo.dashboardpack.com/architectui-html-pro/assets/fonts/CR.svg]
[demo.dashboardpack.com/architectui-html-pro/assets/fonts/CU.svg]
[demo.dashboardpack.com/architectui-html-pro/assets/fonts/CV.svg]
[demo.dashboardpack.com/architectui-html-pro/assets/fonts/CW.svg]
[demo.dashboardpack.com/architectui-html-pro/assets/fonts/CX.svg]
[demo.dashboardpack.com/architectui-html-pro/assets/fonts/CY.svg]
[demo.dashboardpack.com/architectui-html-pro/assets/fonts/CZ.svg]
[demo.dashboardpack.com/architectui-html-pro/assets/fonts/DE.svg]
[demo.dashboardpack.com/architectui-html-pro/assets/fonts/DJ.svg]
[demo.dashboardpack.com/architectui-html-pro/assets/fonts/DK.svg]
[demo.dashboardpack.com/architectui-html-pro/assets/fonts/DM.svg]
[demo.dashboardpack.com/architectui-html-pro/assets/fonts/DO.svg]
[demo.dashboardpack.com/architectui-html-pro/assets/fonts/DZ.svg]
[demo.dashboardpack.com/architectui-html-pro/assets/fonts/EC.svg]
[demo.dashboardpack.com/architectui-html-pro/assets/fonts/EE.svg]
[demo.dashboardpack.com/architectui-html-pro/assets/fonts/EG.svg]
[demo.dashboardpack.com/architectui-html-pro/assets/fonts/ER.svg]
[demo.dashboardpack.com/architectui-html-pro/assets/fonts/ES.svg]
[demo.dashboardpack.com/architectui-html-pro/assets/fonts/ET.svg]
[demo.dashboardpack.com/architectui-html-pro/assets/fonts/EU.svg]
[demo.dashboardpack.com/architectui-html-pro/assets/fonts/FI.svg]
[demo.dashboardpack.com/architectui-html-pro/assets/fonts/FJ.svg]
[demo.dashboardpack.com/architectui-html-pro/assets/fonts/FK.svg]
[demo.dashboardpack.com/architectui-html-pro/assets/fonts/FM.svg]
[demo.dashboardpack.com/architectui-html-pro/assets/fonts/FO.svg]
[demo.dashboardpack.com/architectui-html-pro/assets/fonts/FR.svg]
[demo.dashboardpack.com/architectui-html-pro/assets/fonts/GA.svg]
[demo.dashboardpack.com/architectui-html-pro/assets/fonts/GB-ENG.svg]
[demo.dashboardpack.com/architectui-html-pro/assets/fonts/GB-NIR.svg]
[demo.dashboardpack.com/architectui-html-pro/assets/fonts/GB-SCT.svg]
[demo.dashboardpack.com/architectui-html-pro/assets/fonts/GB-WLS.svg]
[demo.dashboardpack.com/architectui-html-pro/assets/fonts/GB-ZET.svg]
[demo.dashboardpack.com/architectui-html-pro/assets/fonts/GB.svg]
[demo.dashboardpack.com/architectui-html-pro/assets/fonts/GD.svg]
[demo.dashboardpack.com/architectui-html-pro/assets/fonts/GE.svg]
[demo.dashboardpack.com/architectui-html-pro/assets/fonts/GF.svg]
[demo.dashboardpack.com/architectui-html-pro/assets/fonts/GG.svg]
[demo.dashboardpack.com/architectui-html-pro/assets/fonts/GH.svg]
[demo.dashboardpack.com/architectui-html-pro/assets/fonts/GI.svg]
[demo.dashboardpack.com/architectui-html-pro/assets/fonts/GL.svg]
[demo.dashboardpack.com/architectui-html-pro/assets/fonts/GM.svg]
[demo.dashboardpack.com/architectui-html-pro/assets/fonts/GN.svg]
[demo.dashboardpack.com/architectui-html-pro/assets/fonts/GP.svg]
[demo.dashboardpack.com/architectui-html-pro/assets/fonts/GQ.svg]
[demo.dashboardpack.com/architectui-html-pro/assets/fonts/GR.svg]
[demo.dashboardpack.com/architectui-html-pro/assets/fonts/GS.svg]
[demo.dashboardpack.com/architectui-html-pro/assets/fonts/GT.svg]
[demo.dashboardpack.com/architectui-html-pro/assets/fonts/GU.svg]
[demo.dashboardpack.com/architectui-html-pro/assets/fonts/GW.svg]
[demo.dashboardpack.com/architectui-html-pro/assets/fonts/GY.svg]
[demo.dashboardpack.com/architectui-html-pro/assets/fonts/HK.svg]
[demo.dashboardpack.com/architectui-html-pro/assets/fonts/HM.svg]
[demo.dashboardpack.com/architectui-html-pro/assets/fonts/HN.svg]
[demo.dashboardpack.com/architectui-html-pro/assets/fonts/HR.svg]
[demo.dashboardpack.com/architectui-html-pro/assets/fonts/HT.svg]
[demo.dashboardpack.com/architectui-html-pro/assets/fonts/HU.svg]
[demo.dashboardpack.com/architectui-html-pro/assets/fonts/ID.svg]
[demo.dashboardpack.com/architectui-html-pro/assets/fonts/IE.svg]
[demo.dashboardpack.com/architectui-html-pro/assets/fonts/IL.svg]
[demo.dashboardpack.com/architectui-html-pro/assets/fonts/IM.svg]
[demo.dashboardpack.com/architectui-html-pro/assets/fonts/IN.svg]
[demo.dashboardpack.com/architectui-html-pro/assets/fonts/IO.svg]
[demo.dashboardpack.com/architectui-html-pro/assets/fonts/IQ.svg]
[demo.dashboardpack.com/architectui-html-pro/assets/fonts/IR.svg]
[demo.dashboardpack.com/architectui-html-pro/assets/fonts/IS.svg]
[demo.dashboardpack.com/architectui-html-pro/assets/fonts/IT.svg]
[demo.dashboardpack.com/architectui-html-pro/assets/fonts/JE.svg]
[demo.dashboardpack.com/architectui-html-pro/assets/fonts/JM.svg]
[demo.dashboardpack.com/architectui-html-pro/assets/fonts/JO.svg]
[demo.dashboardpack.com/architectui-html-pro/assets/fonts/JP.svg]
[demo.dashboardpack.com/architectui-html-pro/assets/fonts/KE.svg]
[demo.dashboardpack.com/architectui-html-pro/assets/fonts/KG.svg]
[demo.dashboardpack.com/architectui-html-pro/assets/fonts/KH.svg]
[demo.dashboardpack.com/architectui-html-pro/assets/fonts/KI.svg]
[demo.dashboardpack.com/architectui-html-pro/assets/fonts/KM.svg]
[demo.dashboardpack.com/architectui-html-pro/assets/fonts/KN.svg]
[demo.dashboardpack.com/architectui-html-pro/assets/fonts/KP.svg]
[demo.dashboardpack.com/architectui-html-pro/assets/fonts/KR.svg]
[demo.dashboardpack.com/architectui-html-pro/assets/fonts/KW.svg]
[demo.dashboardpack.com/architectui-html-pro/assets/fonts/KY.svg]
[demo.dashboardpack.com/architectui-html-pro/assets/fonts/KZ.svg]
[demo.dashboardpack.com/architectui-html-pro/assets/fonts/LA.svg]
[demo.dashboardpack.com/architectui-html-pro/assets/fonts/LB.svg]
[demo.dashboardpack.com/architectui-html-pro/assets/fonts/LC.svg]
[demo.dashboardpack.com/architectui-html-pro/assets/fonts/LGBT.svg]
[demo.dashboardpack.com/architectui-html-pro/assets/fonts/LI.svg]
[demo.dashboardpack.com/architectui-html-pro/assets/fonts/LK.svg]
[demo.dashboardpack.com/architectui-html-pro/assets/fonts/LR.svg]
[demo.dashboardpack.com/architectui-html-pro/assets/fonts/LS.svg]
[demo.dashboardpack.com/architectui-html-pro/assets/fonts/LT.svg]
[demo.dashboardpack.com/architectui-html-pro/assets/fonts/LU.svg]
[demo.dashboardpack.com/architectui-html-pro/assets/fonts/LV.svg]
[demo.dashboardpack.com/architectui-html-pro/assets/fonts/LY.svg]
[demo.dashboardpack.com/architectui-html-pro/assets/fonts/MA.svg]
[demo.dashboardpack.com/architectui-html-pro/assets/fonts/MC.svg]
[demo.dashboardpack.com/architectui-html-pro/assets/fonts/MD.svg]
[demo.dashboardpack.com/architectui-html-pro/assets/fonts/ME.svg]
[demo.dashboardpack.com/architectui-html-pro/assets/fonts/MF.svg]
[demo.dashboardpack.com/architectui-html-pro/assets/fonts/MG.svg]
[demo.dashboardpack.com/architectui-html-pro/assets/fonts/MH.svg]
[demo.dashboardpack.com/architectui-html-pro/assets/fonts/MK.svg]
[demo.dashboardpack.com/architectui-html-pro/assets/fonts/ML.svg]
[demo.dashboardpack.com/architectui-html-pro/assets/fonts/MM.svg]
[demo.dashboardpack.com/architectui-html-pro/assets/fonts/MN.svg]
[demo.dashboardpack.com/architectui-html-pro/assets/fonts/MO.svg]
[demo.dashboardpack.com/architectui-html-pro/assets/fonts/MP.svg]
[demo.dashboardpack.com/architectui-html-pro/assets/fonts/MQ.svg]
[demo.dashboardpack.com/architectui-html-pro/assets/fonts/MR.svg]
[demo.dashboardpack.com/architectui-html-pro/assets/fonts/MS.svg]
[demo.dashboardpack.com/architectui-html-pro/assets/fonts/MT.svg]
[demo.dashboardpack.com/architectui-html-pro/assets/fonts/MU.svg]
[demo.dashboardpack.com/architectui-html-pro/assets/fonts/MV.svg]
[demo.dashboardpack.com/architectui-html-pro/assets/fonts/MW.svg]
[demo.dashboardpack.com/architectui-html-pro/assets/fonts/MX.svg]
[demo.dashboardpack.com/architectui-html-pro/assets/fonts/MY.svg]
[demo.dashboardpack.com/architectui-html-pro/assets/fonts/MZ.svg]
[demo.dashboardpack.com/architectui-html-pro/assets/fonts/NA.svg]
[demo.dashboardpack.com/architectui-html-pro/assets/fonts/NC.svg]
[demo.dashboardpack.com/architectui-html-pro/assets/fonts/NE.svg]
[demo.dashboardpack.com/architectui-html-pro/assets/fonts/NF.svg]
[demo.dashboardpack.com/architectui-html-pro/assets/fonts/NG.svg]
[demo.dashboardpack.com/architectui-html-pro/assets/fonts/NI.svg]
[demo.dashboardpack.com/architectui-html-pro/assets/fonts/NL.svg]
[demo.dashboardpack.com/architectui-html-pro/assets/fonts/NO.svg]
[demo.dashboardpack.com/architectui-html-pro/assets/fonts/NP.svg]
[demo.dashboardpack.com/architectui-html-pro/assets/fonts/NR.svg]
[demo.dashboardpack.com/architectui-html-pro/assets/fonts/OM.svg]
[demo.dashboardpack.com/architectui-html-pro/assets/fonts/PA.svg]
[demo.dashboardpack.com/architectui-html-pro/assets/fonts/PE.svg]
[demo.dashboardpack.com/architectui-html-pro/assets/fonts/PF.svg]
[demo.dashboardpack.com/architectui-html-pro/assets/fonts/PG.svg]
[demo.dashboardpack.com/architectui-html-pro/assets/fonts/PH.svg]
[demo.dashboardpack.com/architectui-html-pro/assets/fonts/PK.svg]
[demo.dashboardpack.com/architectui-html-pro/assets/fonts/PL.svg]
[demo.dashboardpack.com/architectui-html-pro/assets/fonts/PM.svg]
[demo.dashboardpack.com/architectui-html-pro/assets/fonts/PN.svg]
[demo.dashboardpack.com/architectui-html-pro/assets/fonts/PR.svg]
[demo.dashboardpack.com/architectui-html-pro/assets/fonts/PS.svg]
[demo.dashboardpack.com/architectui-html-pro/assets/fonts/PT.svg]
[demo.dashboardpack.com/architectui-html-pro/assets/fonts/PW.svg]
[demo.dashboardpack.com/architectui-html-pro/assets/fonts/PY.svg]
[demo.dashboardpack.com/architectui-html-pro/assets/fonts/QA.svg]
[demo.dashboardpack.com/architectui-html-pro/assets/fonts/RE.svg]
[demo.dashboardpack.com/architectui-html-pro/assets/fonts/RO.svg]
[demo.dashboardpack.com/architectui-html-pro/assets/fonts/RS.svg]
[demo.dashboardpack.com/architectui-html-pro/assets/fonts/RU.svg]
[demo.dashboardpack.com/architectui-html-pro/assets/fonts/RW.svg]
[demo.dashboardpack.com/architectui-html-pro/assets/fonts/SA.svg]
[demo.dashboardpack.com/architectui-html-pro/assets/fonts/SB.svg]
[demo.dashboardpack.com/architectui-html-pro/assets/fonts/SC.svg]
[demo.dashboardpack.com/architectui-html-pro/assets/fonts/SD.svg]
[demo.dashboardpack.com/architectui-html-pro/assets/fonts/SE.svg]
[demo.dashboardpack.com/architectui-html-pro/assets/fonts/SG.svg]
[demo.dashboardpack.com/architectui-html-pro/assets/fonts/SH.svg]
[demo.dashboardpack.com/architectui-html-pro/assets/fonts/SI.svg]
[demo.dashboardpack.com/architectui-html-pro/assets/fonts/SJ.svg]
[demo.dashboardpack.com/architectui-html-pro/assets/fonts/SK.svg]
[demo.dashboardpack.com/architectui-html-pro/assets/fonts/SL.svg]
[demo.dashboardpack.com/architectui-html-pro/assets/fonts/SM.svg]
[demo.dashboardpack.com/architectui-html-pro/assets/fonts/SN.svg]
[demo.dashboardpack.com/architectui-html-pro/assets/fonts/SO.svg]
[demo.dashboardpack.com/architectui-html-pro/assets/fonts/SR.svg]
[demo.dashboardpack.com/architectui-html-pro/assets/fonts/SS.svg]
[demo.dashboardpack.com/architectui-html-pro/assets/fonts/ST.svg]
[demo.dashboardpack.com/architectui-html-pro/assets/fonts/SV.svg]
[demo.dashboardpack.com/architectui-html-pro/assets/fonts/SX.svg]
[demo.dashboardpack.com/architectui-html-pro/assets/fonts/SY.svg]
[demo.dashboardpack.com/architectui-html-pro/assets/fonts/SZ.svg]
[demo.dashboardpack.com/architectui-html-pro/assets/fonts/TC.svg]
[demo.dashboardpack.com/architectui-html-pro/assets/fonts/TD.svg]
[demo.dashboardpack.com/architectui-html-pro/assets/fonts/TF.svg]
[demo.dashboardpack.com/architectui-html-pro/assets/fonts/TG.svg]
[demo.dashboardpack.com/architectui-html-pro/assets/fonts/TH.svg]
[demo.dashboardpack.com/architectui-html-pro/assets/fonts/TJ.svg]
[demo.dashboardpack.com/architectui-html-pro/assets/fonts/TK.svg]
[demo.dashboardpack.com/architectui-html-pro/assets/fonts/TL.svg]
[demo.dashboardpack.com/architectui-html-pro/assets/fonts/TM.svg]
[demo.dashboardpack.com/architectui-html-pro/assets/fonts/TN.svg]
[demo.dashboardpack.com/architectui-html-pro/assets/fonts/TO.svg]
[demo.dashboardpack.com/architectui-html-pro/assets/fonts/TR.svg]
[demo.dashboardpack.com/architectui-html-pro/assets/fonts/TT.svg]
[demo.dashboardpack.com/architectui-html-pro/assets/fonts/TV.svg]
[demo.dashboardpack.com/architectui-html-pro/assets/fonts/TW.svg]
[demo.dashboardpack.com/architectui-html-pro/assets/fonts/TZ.svg]
[demo.dashboardpack.com/architectui-html-pro/assets/fonts/UA.svg]
[demo.dashboardpack.com/architectui-html-pro/assets/fonts/UG.svg]
[demo.dashboardpack.com/architectui-html-pro/assets/fonts/UM.svg]
[demo.dashboardpack.com/architectui-html-pro/assets/fonts/US-CA.svg]
[demo.dashboardpack.com/architectui-html-pro/assets/fonts/US.svg]
[demo.dashboardpack.com/architectui-html-pro/assets/fonts/UY.svg]
[demo.dashboardpack.com/architectui-html-pro/assets/fonts/UZ.svg]
[demo.dashboardpack.com/architectui-html-pro/assets/fonts/VA.svg]
[demo.dashboardpack.com/architectui-html-pro/assets/fonts/VC.svg]
[demo.dashboardpack.com/architectui-html-pro/assets/fonts/VE.svg]
[demo.dashboardpack.com/architectui-html-pro/assets/fonts/VG.svg]
[demo.dashboardpack.com/architectui-html-pro/assets/fonts/VI.svg]
[demo.dashboardpack.com/architectui-html-pro/assets/fonts/VN.svg]
[demo.dashboardpack.com/architectui-html-pro/assets/fonts/VU.svg]
[demo.dashboardpack.com/architectui-html-pro/assets/fonts/WF.svg]
[demo.dashboardpack.com/architectui-html-pro/assets/fonts/WS.svg]
[demo.dashboardpack.com/architectui-html-pro/assets/fonts/XK.svg]
[demo.dashboardpack.com/architectui-html-pro/assets/fonts/YE.svg]
[demo.dashboardpack.com/architectui-html-pro/assets/fonts/YT.svg]
[demo.dashboardpack.com/architectui-html-pro/assets/fonts/ZA.svg]
[demo.dashboardpack.com/architectui-html-pro/assets/fonts/ZM.svg]
[demo.dashboardpack.com/architectui-html-pro/assets/fonts/ZW.svg]
[demo.dashboardpack.com/architectui-html-pro/assets/fonts/NZ.svg]
[demo.dashboardpack.com/architectui-html-pro/assets/fonts/NU.svg]
[demo.dashboardpack.com/architectui-html-pro/assets/fonts/NU.svg]
[demo.dashboardpack.com/architectui-html-pro/assets/fonts/NZ.svg]
